// Jest Snapshot v1, https://goo.gl/fbAQLP

exports[`fern add tests fern add 1`] = `
"name: Blog Post API
definition: src
plugins:
  - name: fernapi/fern-java
    version: 0.0.30
    output: generated-java
    config:
      packagePrefix: com
      mode: client_and_server
  - name: fernapi/fern-typescript
    version: 0.0.71
    output: generated-typescript
    config:
      mode: client
  - name: fernapi/fern-postman
    version: 0.0.3
    output: generated-postman
"
`;
