// Jest Snapshot v1, https://goo.gl/fbAQLP

exports[`fern-ir-tests simple 1`] = `
"[31mType [1mMissingType[22m is not defined.[39m
  [34mapi.yml -> types -> MyType[39m
  "
`;

exports[`fern-upgrade-tests simple 1`] = `
"name: api
definition: src
generators:
  - name: fernapi/fern-postman
    version: 0.0.21
    generate:
      enabled: true
      output: ./generated-postman.json
  - name: fernapi/fern-openapi
    version: 0.0.4
    generate:
      enabled: true
      output: ./generated-openapi.yml
    config:
      format: yaml
  - name: fernapi/fern-java
    version: 0.0.84
    generate: true
    config:
      packagePrefix: com
      mode: client_and_server
  - name: fernapi/fern-typescript
    version: 0.0.155
    generate: true
    config:
      mode: client_and_server
"
`;
