// Jest Snapshot v1, https://goo.gl/fbAQLP

exports[`fern upgrade upgrades generators 1`] = `
"draft:
  - name: fernapi/fern-postman
    version: 0.0.22
    output-directory: ./generated
  - name: fernapi/fern-openapi
    version: 0.0.5
    config:
      format: yaml
    output-directory: ./generated
  - name: fernapi/fern-java
    version: 0.0.92
    config:
      packagePrefix: \${SOME_ENV_VAR}
      mode: client_and_server
  - name: fernapi/fern-typescript
    version: 0.0.189
    config:
      mode: client_and_server
"
`;
