// Jest Snapshot v1, https://goo.gl/fbAQLP

exports[`valid-auth-in-service simple 1`] = `
Array [
  Object {
    "message": "Service [1mInvalidService[22m has endpoints with both bearer and basic auth. Only one of the two can be used.",
    "nodePath": Array [
      "services",
      "http",
      "InvalidService",
    ],
    "relativeFilePath": "src/simple.yml",
    "severity": "error",
  },
]
`;
