// Jest Snapshot v1, https://goo.gl/fbAQLP

exports[`fern generate tests simple-model 1`] = `Array []`;
